2
4
16, 50, 11936, 12322, 13529, 13663, 15412, 15687, 15975, 16057, 16627, 17065, 18895, 19535, 19799, 19858, 24059
